time="2026-07-18 09:25:26" level=info msg="Запуск Venera (Версия: 1.0.0)"
time="2026-07-18 09:25:27" level=warning msg="Файл фильтров settings/generic.flt не найден. Фильтрация отключена."
time="2026-07-18 09:25:27" level=warning msg="Файл контроля settings/generic.ctr не найден. Контроль значений отключен."
time="2026-07-18 09:25:27" level=warning msg="Файл алертов settings/generic.alr не найден. Алерты отключены (п.2.4 ТЗ)."
time="2026-07-18 09:25:28" level=info msg="Успешное подключение к DragonflyDB по адресу 127.0.0.1:6379"
time="2026-07-18 09:25:28" level=info msg="Успешное подключение к PostgreSQL по адресу 127.0.0.1:5432"
time="2026-07-18 09:25:28" level=info msg="Запуск веб-сервера Fiber на :8080"
time="2026-07-18 09:25:38" level=error msg="Критически мало свободного места на диске! Остановка процессов."
time="2026-07-18 09:25:38" level=warning msg="Сработала защита от переполнения: автоматическая остановка всех процессов"
time="2026-07-18 09:25:48" level=error msg="Критически мало свободного места на диске! Остановка процессов."
time="2026-07-18 09:25:48" level=warning msg="Сработала защита от переполнения: автоматическая остановка всех процессов"
time="2026-07-18 09:25:58" level=error msg="Критически мало свободного места на диске! Остановка процессов."
time="2026-07-18 09:25:58" level=warning msg="Сработала защита от переполнения: автоматическая остановка всех процессов"
time="2026-07-18 09:26:08" level=error msg="Критически мало свободного места на диске! Остановка процессов."
time="2026-07-18 09:26:08" level=warning msg="Сработала защита от переполнения: автоматическая остановка всех процессов"
time="2026-07-18 09:26:18" level=error msg="Критически мало свободного места на диске! Остановка процессов."
time="2026-07-18 09:26:18" level=warning msg="Сработала защита от переполнения: автоматическая остановка всех процессов"
time="2026-07-18 09:26:28" level=error msg="Критически мало свободного места на диске! Остановка процессов."
time="2026-07-18 09:26:28" level=warning msg="Сработала защита от переполнения: автоматическая остановка всех процессов"
time="2026-07-18 09:26:38" level=error msg="Критически мало свободного места на диске! Остановка процессов."
time="2026-07-18 09:26:38" level=warning msg="Сработала защита от переполнения: автоматическая остановка всех процессов"
time="2026-07-18 09:26:48" level=error msg="Критически мало свободного места на диске! Остановка процессов."
time="2026-07-18 09:26:48" level=warning msg="Сработала защита от переполнения: автоматическая остановка всех процессов"
time="2026-07-18 09:26:49" level=info msg="Открытие веб-интерфейса: http://127.0.0.1:8080"
time="2026-07-18 09:26:58" level=error msg="Критически мало свободного места на диске! Остановка процессов."
time="2026-07-18 09:26:58" level=warning msg="Сработала защита от переполнения: автоматическая остановка всех процессов"
time="2026-07-18 09:27:08" level=error msg="Критически мало свободного места на диске! Остановка процессов."
time="2026-07-18 09:27:08" level=warning msg="Сработала защита от переполнения: автоматическая остановка всех процессов"
time="2026-07-18 09:27:18" level=error msg="Критически мало свободного места на диске! Остановка процессов."
time="2026-07-18 09:27:18" level=warning msg="Сработала защита от переполнения: автоматическая остановка всех процессов"
time="2026-07-18 09:27:28" level=error msg="Критически мало свободного места на диске! Остановка процессов."
time="2026-07-18 09:27:28" level=warning msg="Сработала защита от переполнения: автоматическая остановка всех процессов"
time="2026-07-18 09:27:38" level=error msg="Критически мало свободного места на диске! Остановка процессов."
time="2026-07-18 09:27:38" level=warning msg="Сработала защита от переполнения: автоматическая остановка всех процессов"
time="2026-07-18 09:27:48" level=error msg="Критически мало свободного места на диске! Остановка процессов."
time="2026-07-18 09:27:48" level=warning msg="Сработала защита от переполнения: автоматическая остановка всех процессов"
time="2026-07-18 09:27:58" level=error msg="Критически мало свободного места на диске! Остановка процессов."
time="2026-07-18 09:27:58" level=warning msg="Сработала защита от переполнения: автоматическая остановка всех процессов"
time="2026-07-18 09:28:08" level=error msg="Критически мало свободного места на диске! Остановка процессов."
time="2026-07-18 09:28:08" level=warning msg="Сработала защита от переполнения: автоматическая остановка всех процессов"
time="2026-07-18 09:28:18" level=error msg="Критически мало свободного места на диске! Остановка процессов."
time="2026-07-18 09:28:18" level=warning msg="Сработала защита от переполнения: автоматическая остановка всех процессов"
time="2026-07-18 09:28:28" level=error msg="Критически мало свободного места на диске! Остановка процессов."
time="2026-07-18 09:28:28" level=warning msg="Сработала защита от переполнения: автоматическая остановка всех процессов"
time="2026-07-18 09:28:38" level=error msg="Критически мало свободного места на диске! Остановка процессов."
time="2026-07-18 09:28:38" level=warning msg="Сработала защита от переполнения: автоматическая остановка всех процессов"
time="2026-07-18 09:28:48" level=error msg="Критически мало свободного места на диске! Остановка процессов."
time="2026-07-18 09:28:48" level=warning msg="Сработала защита от переполнения: автоматическая остановка всех процессов"
time="2026-07-18 09:28:58" level=error msg="Критически мало свободного места на диске! Остановка процессов."
time="2026-07-18 09:28:58" level=warning msg="Сработала защита от переполнения: автоматическая остановка всех процессов"
time="2026-07-18 09:29:08" level=error msg="Критически мало свободного места на диске! Остановка процессов."
time="2026-07-18 09:29:08" level=warning msg="Сработала защита от переполнения: автоматическая остановка всех процессов"
time="2026-07-18 09:29:18" level=error msg="Критически мало свободного места на диске! Остановка процессов."
time="2026-07-18 09:29:18" level=warning msg="Сработала защита от переполнения: автоматическая остановка всех процессов"
time="2026-07-18 09:29:22" level=info msg="Трей: запрошен выход из приложения"
time="2026-07-18 09:29:22" level=info msg="Трей закрывается..."
time="2026-07-18 09:29:22" level=info msg="Остановка веб-сервера Fiber..."
time="2026-07-18 09:29:22" level=info msg="Venera успешно остановлена."
