time="2026-07-18 09:17:49" level=info msg="Запуск Venera (Версия: 1.0.0)"
time="2026-07-18 09:17:50" level=warning msg="Файл фильтров settings/generic.flt не найден. Фильтрация отключена."
time="2026-07-18 09:17:51" level=warning msg="Файл контроля settings/generic.ctr не найден. Контроль значений отключен."
time="2026-07-18 09:17:51" level=warning msg="Файл алертов settings/generic.alr не найден. Алерты отключены (п.2.4 ТЗ)."
time="2026-07-18 09:17:51" level=error msg="Ошибка инициализации манифеста ETW: ошибка записи события в Event Log (нужны права Администратора?): exit status 1"
time="2026-07-18 09:17:51" level=info msg="Успешное подключение к DragonflyDB по адресу 127.0.0.1:6379"
time="2026-07-18 09:17:51" level=warning msg="Ошибка подключения к PostgreSQL (попытка 1/5): failed to connect to `user=postgres database=Venera`: 127.0.0.1:5432 (127.0.0.1): failed SASL auth: \xc2\xc0\xc6\xcd\xce: \xef\xee\xeb\xfc\xe7\xee\xe2\xe0\xf2\xe5\xeb\xfc \"postgres\" \xed\xe5 \xef\xf0\xee\xf8\xb8\xeb \xef\xf0\xee\xe2\xe5\xf0\xea\xf3 \xef\xee\xe4\xeb\xe8\xed\xed\xee\xf1\xf2\xe8 (\xef\xee \xef\xe0\xf0\xee\xeb\xfe) (SQLSTATE 28P01)"
time="2026-07-18 09:17:52" level=warning msg="Ошибка подключения к PostgreSQL (попытка 2/5): failed to connect to `user=postgres database=Venera`: 127.0.0.1:5432 (127.0.0.1): failed SASL auth: \xc2\xc0\xc6\xcd\xce: \xef\xee\xeb\xfc\xe7\xee\xe2\xe0\xf2\xe5\xeb\xfc \"postgres\" \xed\xe5 \xef\xf0\xee\xf8\xb8\xeb \xef\xf0\xee\xe2\xe5\xf0\xea\xf3 \xef\xee\xe4\xeb\xe8\xed\xed\xee\xf1\xf2\xe8 (\xef\xee \xef\xe0\xf0\xee\xeb\xfe) (SQLSTATE 28P01)"
time="2026-07-18 09:17:54" level=warning msg="Ошибка подключения к PostgreSQL (попытка 3/5): failed to connect to `user=postgres database=Venera`: 127.0.0.1:5432 (127.0.0.1): failed SASL auth: \xc2\xc0\xc6\xcd\xce: \xef\xee\xeb\xfc\xe7\xee\xe2\xe0\xf2\xe5\xeb\xfc \"postgres\" \xed\xe5 \xef\xf0\xee\xf8\xb8\xeb \xef\xf0\xee\xe2\xe5\xf0\xea\xf3 \xef\xee\xe4\xeb\xe8\xed\xed\xee\xf1\xf2\xe8 (\xef\xee \xef\xe0\xf0\xee\xeb\xfe) (SQLSTATE 28P01)"
time="2026-07-18 09:17:58" level=warning msg="Ошибка подключения к PostgreSQL (попытка 4/5): failed to connect to `user=postgres database=Venera`: 127.0.0.1:5432 (127.0.0.1): failed SASL auth: \xc2\xc0\xc6\xcd\xce: \xef\xee\xeb\xfc\xe7\xee\xe2\xe0\xf2\xe5\xeb\xfc \"postgres\" \xed\xe5 \xef\xf0\xee\xf8\xb8\xeb \xef\xf0\xee\xe2\xe5\xf0\xea\xf3 \xef\xee\xe4\xeb\xe8\xed\xed\xee\xf1\xf2\xe8 (\xef\xee \xef\xe0\xf0\xee\xeb\xfe) (SQLSTATE 28P01)"
time="2026-07-18 09:18:06" level=warning msg="Ошибка подключения к PostgreSQL (попытка 5/5): failed to connect to `user=postgres database=Venera`: 127.0.0.1:5432 (127.0.0.1): failed SASL auth: \xc2\xc0\xc6\xcd\xce: \xef\xee\xeb\xfc\xe7\xee\xe2\xe0\xf2\xe5\xeb\xfc \"postgres\" \xed\xe5 \xef\xf0\xee\xf8\xb8\xeb \xef\xf0\xee\xe2\xe5\xf0\xea\xf3 \xef\xee\xe4\xeb\xe8\xed\xed\xee\xf1\xf2\xe8 (\xef\xee \xef\xe0\xf0\xee\xeb\xfe) (SQLSTATE 28P01)"
time="2026-07-18 09:18:22" level=error msg="Ошибка подключения к БД PostgreSQL (п.2.13 ТЗ): не удалось подключиться к PostgreSQL после 5 попыток: failed to connect to `user=postgres database=Venera`: 127.0.0.1:5432 (127.0.0.1): failed SASL auth: \xc2\xc0\xc6\xcd\xce: \xef\xee\xeb\xfc\xe7\xee\xe2\xe0\xf2\xe5\xeb\xfc \"postgres\" \xed\xe5 \xef\xf0\xee\xf8\xb8\xeb \xef\xf0\xee\xe2\xe5\xf0\xea\xf3 \xef\xee\xe4\xeb\xe8\xed\xed\xee\xf1\xf2\xe8 (\xef\xee \xef\xe0\xf0\xee\xeb\xfe) (SQLSTATE 28P01)"
time="2026-07-18 09:18:22" level=info msg="Запуск веб-сервера Fiber на :8080"
time="2026-07-18 09:18:32" level=error msg="Критически мало свободного места на диске! Остановка процессов."
time="2026-07-18 09:18:32" level=warning msg="Сработала защита от переполнения: автоматическая остановка всех процессов"
time="2026-07-18 09:18:42" level=error msg="Критически мало свободного места на диске! Остановка процессов."
time="2026-07-18 09:18:42" level=warning msg="Сработала защита от переполнения: автоматическая остановка всех процессов"
time="2026-07-18 09:18:52" level=error msg="Критически мало свободного места на диске! Остановка процессов."
time="2026-07-18 09:18:52" level=warning msg="Сработала защита от переполнения: автоматическая остановка всех процессов"
time="2026-07-18 09:19:02" level=error msg="Критически мало свободного места на диске! Остановка процессов."
time="2026-07-18 09:19:02" level=warning msg="Сработала защита от переполнения: автоматическая остановка всех процессов"
time="2026-07-18 09:19:12" level=error msg="Критически мало свободного места на диске! Остановка процессов."
time="2026-07-18 09:19:12" level=warning msg="Сработала защита от переполнения: автоматическая остановка всех процессов"
time="2026-07-18 09:19:22" level=error msg="Критически мало свободного места на диске! Остановка процессов."
time="2026-07-18 09:19:22" level=warning msg="Сработала защита от переполнения: автоматическая остановка всех процессов"
time="2026-07-18 09:19:32" level=error msg="Критически мало свободного места на диске! Остановка процессов."
time="2026-07-18 09:19:32" level=warning msg="Сработала защита от переполнения: автоматическая остановка всех процессов"
time="2026-07-18 09:19:42" level=error msg="Критически мало свободного места на диске! Остановка процессов."
time="2026-07-18 09:19:42" level=warning msg="Сработала защита от переполнения: автоматическая остановка всех процессов"
time="2026-07-18 09:19:52" level=error msg="Критически мало свободного места на диске! Остановка процессов."
time="2026-07-18 09:19:52" level=warning msg="Сработала защита от переполнения: автоматическая остановка всех процессов"
time="2026-07-18 09:20:02" level=error msg="Критически мало свободного места на диске! Остановка процессов."
time="2026-07-18 09:20:02" level=warning msg="Сработала защита от переполнения: автоматическая остановка всех процессов"
time="2026-07-18 09:20:12" level=error msg="Критически мало свободного места на диске! Остановка процессов."
time="2026-07-18 09:20:12" level=warning msg="Сработала защита от переполнения: автоматическая остановка всех процессов"
time="2026-07-18 09:20:22" level=error msg="Критически мало свободного места на диске! Остановка процессов."
time="2026-07-18 09:20:22" level=warning msg="Сработала защита от переполнения: автоматическая остановка всех процессов"
time="2026-07-18 09:20:32" level=error msg="Критически мало свободного места на диске! Остановка процессов."
time="2026-07-18 09:20:32" level=warning msg="Сработала защита от переполнения: автоматическая остановка всех процессов"
time="2026-07-18 09:20:42" level=error msg="Критически мало свободного места на диске! Остановка процессов."
time="2026-07-18 09:20:42" level=warning msg="Сработала защита от переполнения: автоматическая остановка всех процессов"
time="2026-07-18 09:20:52" level=error msg="Критически мало свободного места на диске! Остановка процессов."
time="2026-07-18 09:20:52" level=warning msg="Сработала защита от переполнения: автоматическая остановка всех процессов"
time="2026-07-18 09:21:02" level=error msg="Критически мало свободного места на диске! Остановка процессов."
time="2026-07-18 09:21:02" level=warning msg="Сработала защита от переполнения: автоматическая остановка всех процессов"
time="2026-07-18 09:21:12" level=error msg="Критически мало свободного места на диске! Остановка процессов."
time="2026-07-18 09:21:12" level=warning msg="Сработала защита от переполнения: автоматическая остановка всех процессов"
time="2026-07-18 09:21:22" level=error msg="Критически мало свободного места на диске! Остановка процессов."
time="2026-07-18 09:21:22" level=warning msg="Сработала защита от переполнения: автоматическая остановка всех процессов"
time="2026-07-18 09:21:32" level=error msg="Критически мало свободного места на диске! Остановка процессов."
time="2026-07-18 09:21:32" level=warning msg="Сработала защита от переполнения: автоматическая остановка всех процессов"
time="2026-07-18 09:21:42" level=error msg="Критически мало свободного места на диске! Остановка процессов."
time="2026-07-18 09:21:42" level=warning msg="Сработала защита от переполнения: автоматическая остановка всех процессов"
time="2026-07-18 09:21:52" level=error msg="Критически мало свободного места на диске! Остановка процессов."
time="2026-07-18 09:21:52" level=warning msg="Сработала защита от переполнения: автоматическая остановка всех процессов"
time="2026-07-18 09:22:02" level=error msg="Критически мало свободного места на диске! Остановка процессов."
time="2026-07-18 09:22:02" level=warning msg="Сработала защита от переполнения: автоматическая остановка всех процессов"
time="2026-07-18 09:22:12" level=error msg="Критически мало свободного места на диске! Остановка процессов."
time="2026-07-18 09:22:12" level=warning msg="Сработала защита от переполнения: автоматическая остановка всех процессов"
time="2026-07-18 09:22:22" level=error msg="Критически мало свободного места на диске! Остановка процессов."
time="2026-07-18 09:22:22" level=warning msg="Сработала защита от переполнения: автоматическая остановка всех процессов"
time="2026-07-18 09:22:32" level=error msg="Критически мало свободного места на диске! Остановка процессов."
time="2026-07-18 09:22:32" level=warning msg="Сработала защита от переполнения: автоматическая остановка всех процессов"
time="2026-07-18 09:22:42" level=error msg="Критически мало свободного места на диске! Остановка процессов."
time="2026-07-18 09:22:42" level=warning msg="Сработала защита от переполнения: автоматическая остановка всех процессов"
time="2026-07-18 09:22:52" level=error msg="Критически мало свободного места на диске! Остановка процессов."
time="2026-07-18 09:22:52" level=warning msg="Сработала защита от переполнения: автоматическая остановка всех процессов"
time="2026-07-18 09:23:02" level=error msg="Критически мало свободного места на диске! Остановка процессов."
time="2026-07-18 09:23:02" level=warning msg="Сработала защита от переполнения: автоматическая остановка всех процессов"
time="2026-07-18 09:23:12" level=error msg="Критически мало свободного места на диске! Остановка процессов."
time="2026-07-18 09:23:12" level=warning msg="Сработала защита от переполнения: автоматическая остановка всех процессов"
time="2026-07-18 09:23:22" level=error msg="Критически мало свободного места на диске! Остановка процессов."
time="2026-07-18 09:23:22" level=warning msg="Сработала защита от переполнения: автоматическая остановка всех процессов"
time="2026-07-18 09:23:32" level=error msg="Критически мало свободного места на диске! Остановка процессов."
time="2026-07-18 09:23:32" level=warning msg="Сработала защита от переполнения: автоматическая остановка всех процессов"
time="2026-07-18 09:23:42" level=error msg="Критически мало свободного места на диске! Остановка процессов."
time="2026-07-18 09:23:42" level=warning msg="Сработала защита от переполнения: автоматическая остановка всех процессов"
time="2026-07-18 09:23:52" level=error msg="Критически мало свободного места на диске! Остановка процессов."
time="2026-07-18 09:23:52" level=warning msg="Сработала защита от переполнения: автоматическая остановка всех процессов"
time="2026-07-18 09:24:02" level=error msg="Критически мало свободного места на диске! Остановка процессов."
time="2026-07-18 09:24:02" level=warning msg="Сработала защита от переполнения: автоматическая остановка всех процессов"
time="2026-07-18 09:24:12" level=error msg="Критически мало свободного места на диске! Остановка процессов."
time="2026-07-18 09:24:12" level=warning msg="Сработала защита от переполнения: автоматическая остановка всех процессов"
time="2026-07-18 09:24:22" level=error msg="Критически мало свободного места на диске! Остановка процессов."
time="2026-07-18 09:24:22" level=warning msg="Сработала защита от переполнения: автоматическая остановка всех процессов"
time="2026-07-18 09:24:32" level=error msg="Критически мало свободного места на диске! Остановка процессов."
time="2026-07-18 09:24:32" level=warning msg="Сработала защита от переполнения: автоматическая остановка всех процессов"
time="2026-07-18 09:24:42" level=error msg="Критически мало свободного места на диске! Остановка процессов."
time="2026-07-18 09:24:42" level=warning msg="Сработала защита от переполнения: автоматическая остановка всех процессов"
time="2026-07-18 09:24:52" level=error msg="Критически мало свободного места на диске! Остановка процессов."
time="2026-07-18 09:24:52" level=warning msg="Сработала защита от переполнения: автоматическая остановка всех процессов"
time="2026-07-18 09:25:02" level=error msg="Критически мало свободного места на диске! Остановка процессов."
time="2026-07-18 09:25:02" level=warning msg="Сработала защита от переполнения: автоматическая остановка всех процессов"
time="2026-07-18 09:25:12" level=error msg="Критически мало свободного места на диске! Остановка процессов."
time="2026-07-18 09:25:12" level=warning msg="Сработала защита от переполнения: автоматическая остановка всех процессов"
time="2026-07-18 09:25:19" level=info msg="Получен сигнал завершения. Остановка..."
time="2026-07-18 09:25:19" level=info msg="Остановка веб-сервера Fiber..."
time="2026-07-18 09:25:19" level=info msg="Venera успешно остановлена."
